Archive member included to satisfy reference by file (symbol)

d:/arm/arm-gnu-toolchain-12.2.mpacbti-rel1-mingw-w64-i686-arm-none-eabi/bin/../lib/gcc/arm-none-eabi/12.2.1/thumb/v7-m/nofp\libg_nano.a(libc_a-vsnprintf.o)
                              ./system/src/diag/Trace.o (vsnprintf)
d:/arm/arm-gnu-toolchain-12.2.mpacbti-rel1-mingw-w64-i686-arm-none-eabi/bin/../lib/gcc/arm-none-eabi/12.2.1/thumb/v7-m/nofp\libg_nano.a(libc_a-impure.o)
                              d:/arm/arm-gnu-toolchain-12.2.mpacbti-rel1-mingw-w64-i686-arm-none-eabi/bin/../lib/gcc/arm-none-eabi/12.2.1/thumb/v7-m/nofp\libg_nano.a(libc_a-vsnprintf.o) (_impure_ptr)
d:/arm/arm-gnu-toolchain-12.2.mpacbti-rel1-mingw-w64-i686-arm-none-eabi/bin/../lib/gcc/arm-none-eabi/12.2.1/thumb/v7-m/nofp\libg_nano.a(libc_a-errno.o)
                              ./system/src/newlib/_sbrk.o (__errno)
d:/arm/arm-gnu-toolchain-12.2.mpacbti-rel1-mingw-w64-i686-arm-none-eabi/bin/../lib/gcc/arm-none-eabi/12.2.1/thumb/v7-m/nofp\libg_nano.a(libc_a-strlen.o)
                              ./system/src/diag/Trace.o (strlen)
d:/arm/arm-gnu-toolchain-12.2.mpacbti-rel1-mingw-w64-i686-arm-none-eabi/bin/../lib/gcc/arm-none-eabi/12.2.1/thumb/v7-m/nofp\libg_nano.a(libc_a-nano-svfprintf.o)
                              d:/arm/arm-gnu-toolchain-12.2.mpacbti-rel1-mingw-w64-i686-arm-none-eabi/bin/../lib/gcc/arm-none-eabi/12.2.1/thumb/v7-m/nofp\libg_nano.a(libc_a-vsnprintf.o) (_svfprintf_r)
d:/arm/arm-gnu-toolchain-12.2.mpacbti-rel1-mingw-w64-i686-arm-none-eabi/bin/../lib/gcc/arm-none-eabi/12.2.1/thumb/v7-m/nofp\libg_nano.a(libc_a-nano-vfprintf_i.o)
                              d:/arm/arm-gnu-toolchain-12.2.mpacbti-rel1-mingw-w64-i686-arm-none-eabi/bin/../lib/gcc/arm-none-eabi/12.2.1/thumb/v7-m/nofp\libg_nano.a(libc_a-nano-svfprintf.o) (_printf_i)
d:/arm/arm-gnu-toolchain-12.2.mpacbti-rel1-mingw-w64-i686-arm-none-eabi/bin/../lib/gcc/arm-none-eabi/12.2.1/thumb/v7-m/nofp\libg_nano.a(libc_a-memmove.o)
                              d:/arm/arm-gnu-toolchain-12.2.mpacbti-rel1-mingw-w64-i686-arm-none-eabi/bin/../lib/gcc/arm-none-eabi/12.2.1/thumb/v7-m/nofp\libg_nano.a(libc_a-nano-svfprintf.o) (memmove)
d:/arm/arm-gnu-toolchain-12.2.mpacbti-rel1-mingw-w64-i686-arm-none-eabi/bin/../lib/gcc/arm-none-eabi/12.2.1/thumb/v7-m/nofp\libg_nano.a(libc_a-memchr-stub.o)
                              d:/arm/arm-gnu-toolchain-12.2.mpacbti-rel1-mingw-w64-i686-arm-none-eabi/bin/../lib/gcc/arm-none-eabi/12.2.1/thumb/v7-m/nofp\libg_nano.a(libc_a-nano-svfprintf.o) (memchr)
d:/arm/arm-gnu-toolchain-12.2.mpacbti-rel1-mingw-w64-i686-arm-none-eabi/bin/../lib/gcc/arm-none-eabi/12.2.1/thumb/v7-m/nofp\libg_nano.a(libc_a-memcpy-stub.o)
                              d:/arm/arm-gnu-toolchain-12.2.mpacbti-rel1-mingw-w64-i686-arm-none-eabi/bin/../lib/gcc/arm-none-eabi/12.2.1/thumb/v7-m/nofp\libg_nano.a(libc_a-nano-svfprintf.o) (memcpy)
d:/arm/arm-gnu-toolchain-12.2.mpacbti-rel1-mingw-w64-i686-arm-none-eabi/bin/../lib/gcc/arm-none-eabi/12.2.1/thumb/v7-m/nofp\libg_nano.a(libc_a-freer.o)
                              d:/arm/arm-gnu-toolchain-12.2.mpacbti-rel1-mingw-w64-i686-arm-none-eabi/bin/../lib/gcc/arm-none-eabi/12.2.1/thumb/v7-m/nofp\libg_nano.a(libc_a-nano-svfprintf.o) (_free_r)
d:/arm/arm-gnu-toolchain-12.2.mpacbti-rel1-mingw-w64-i686-arm-none-eabi/bin/../lib/gcc/arm-none-eabi/12.2.1/thumb/v7-m/nofp\libg_nano.a(libc_a-mallocr.o)
                              d:/arm/arm-gnu-toolchain-12.2.mpacbti-rel1-mingw-w64-i686-arm-none-eabi/bin/../lib/gcc/arm-none-eabi/12.2.1/thumb/v7-m/nofp\libg_nano.a(libc_a-nano-svfprintf.o) (_malloc_r)
d:/arm/arm-gnu-toolchain-12.2.mpacbti-rel1-mingw-w64-i686-arm-none-eabi/bin/../lib/gcc/arm-none-eabi/12.2.1/thumb/v7-m/nofp\libg_nano.a(libc_a-mlock.o)
                              d:/arm/arm-gnu-toolchain-12.2.mpacbti-rel1-mingw-w64-i686-arm-none-eabi/bin/../lib/gcc/arm-none-eabi/12.2.1/thumb/v7-m/nofp\libg_nano.a(libc_a-freer.o) (__malloc_lock)
d:/arm/arm-gnu-toolchain-12.2.mpacbti-rel1-mingw-w64-i686-arm-none-eabi/bin/../lib/gcc/arm-none-eabi/12.2.1/thumb/v7-m/nofp\libg_nano.a(libc_a-reallocr.o)
                              d:/arm/arm-gnu-toolchain-12.2.mpacbti-rel1-mingw-w64-i686-arm-none-eabi/bin/../lib/gcc/arm-none-eabi/12.2.1/thumb/v7-m/nofp\libg_nano.a(libc_a-nano-svfprintf.o) (_realloc_r)
d:/arm/arm-gnu-toolchain-12.2.mpacbti-rel1-mingw-w64-i686-arm-none-eabi/bin/../lib/gcc/arm-none-eabi/12.2.1/thumb/v7-m/nofp\libg_nano.a(libc_a-sbrkr.o)
                              d:/arm/arm-gnu-toolchain-12.2.mpacbti-rel1-mingw-w64-i686-arm-none-eabi/bin/../lib/gcc/arm-none-eabi/12.2.1/thumb/v7-m/nofp\libg_nano.a(libc_a-mallocr.o) (_sbrk_r)
d:/arm/arm-gnu-toolchain-12.2.mpacbti-rel1-mingw-w64-i686-arm-none-eabi/bin/../lib/gcc/arm-none-eabi/12.2.1/thumb/v7-m/nofp\libg_nano.a(libc_a-lock.o)
[...]
Memory Configuration

Name             Origin             Length             Attributes
RAM              0x20000000         0x00005000         xrw
CCMRAM           0x00000000         0x00000000         xrw
FLASH            0x08000000         0x00010000         xr
FLASHB1          0x00000000         0x00000000         xr
EXTMEMB0         0x00000000         0x00000000         xr
EXTMEMB1         0x00000000         0x00000000         xr
EXTMEMB2         0x00000000         0x00000000         xr
EXTMEMB3         0x00000000         0x00000000         xr
MEMORY_ARRAY     0x00000000         0x00000000         xrw
*default*        0x00000000         0xffffffff

Linker script and memory map

LOAD ./system/src/newlib/_cxx.o
LOAD ./system/src/newlib/_exit.o
LOAD ./system/src/newlib/_sbrk.o
LOAD ./system/src/newlib/_startup.o
LOAD ./system/src/newlib/_syscalls.o
LOAD ./system/src/newlib/assert.o
LOAD ./system/src/diag/Trace.o
LOAD ./system/src/diag/trace_impl.o
LOAD ./system/src/cortexm/_initialize_hardware.o
LOAD ./system/src/cortexm/_reset_hardware.o
LOAD ./system/src/cortexm/exception_handlers.o
LOAD ./system/src/cmsis/system_stm32f10x.o
LOAD ./system/src/cmsis/vectors_stm32f10x.o
LOAD ./src/GPIO_Test.o
LOAD ./src/HLCD.o
LOAD ./src/MEXTI.o
LOAD ./src/MGPIO.o
LOAD ./src/MRCC.o
LOAD ./src/main.o
START GROUP
LOAD d:/arm/arm-gnu-toolchain-12.2.mpacbti-rel1-mingw-w64-i686-arm-none-eabi/bin/../lib/gcc/arm-none-eabi/12.2.1/thumb/v7-m/nofp\libgcc.a
LOAD d:/arm/arm-gnu-toolchain-12.2.mpacbti-rel1-mingw-w64-i686-arm-none-eabi/bin/../lib/gcc/arm-none-eabi/12.2.1/thumb/v7-m/nofp\libg_nano.a
LOAD d:/arm/arm-gnu-toolchain-12.2.mpacbti-rel1-mingw-w64-i686-arm-none-eabi/bin/../lib/gcc/arm-none-eabi/12.2.1/thumb/v7-m/nofp\libc_nano.a
END GROUP
START GROUP
LOAD d:/arm/arm-gnu-toolchain-12.2.mpacbti-rel1-mingw-w64-i686-arm-none-eabi/bin/../lib/gcc/arm-none-eabi/12.2.1/thumb/v7-m/nofp\libgcc.a
LOAD d:/arm/arm-gnu-toolchain-12.2.mpacbti-rel1-mingw-w64-i686-arm-none-eabi/bin/../lib/gcc/arm-none-eabi/12.2.1/thumb/v7-m/nofp\libc_nano.a
END GROUP
                0x20005000                        __stack = (ORIGIN (RAM) + LENGTH (RAM))
                0x20005000                        _estack = __stack
                0x00000400                        __Main_Stack_Size = 0x400
                [!provide]                        PROVIDE (_Main_Stack_Size = __Main_Stack_Size)
                0x20004c00                        __Main_Stack_Limit = (__stack - __Main_Stack_Size)
                [!provide]                        PROVIDE (_Main_Stack_Limit = __Main_Stack_Limit)
                0x00000100                        _Minimum_Stack_Size = 0x100
                0x20000150                        PROVIDE (_Heap_Begin = _end_noinit)
                0x20004c00                        PROVIDE (_Heap_Limit = (__stack - __Main_Stack_Size))

.isr_vector     0x08000000      0x350
 FILL mask 0xff
                0x08000000                        __vectors_start = ABSOLUTE (.)
                0x08000000                        __vectors_start__ = ABSOLUTE (.)
 *(.isr_vector)
 .isr_vector    0x08000000      0x10c ./system/src/cmsis/vectors_stm32f10x.o
                0x08000000                __isr_vectors
 *(.cfmconfig)
 *(.after_vectors .after_vectors.*)
 .after_vectors
                0x0800010c      0x114 ./system/src/newlib/_startup.o
                0x0800010c                _start
 .after_vectors
                0x08000220      0x12c ./system/src/cortexm/exception_handlers.o
                0x08000220                Reset_Handler
                0x08000226                NMI_Handler
                0x0800022a                HardFault_Handler
                0x0800023e                HardFault_Handler_C
                0x0800029c                MemManage_Handler
                0x080002a0                BusFault_Handler
                0x080002b4                BusFault_Handler_C
                0x080002e8                UsageFault_Handler
                0x080002fc                UsageFault_Handler_C
                0x08000330                SVC_Handler
                0x08000334                DebugMon_Handler
                0x08000338                PendSV_Handler
                0x0800033c                SysTick_Handler
 .after_vectors
                0x0800034c        0x4 ./system/src/cmsis/vectors_stm32f10x.o
                0x0800034c                TIM8_TRG_COM_IRQHandler
                0x0800034c                TIM8_CC_IRQHandler
                0x0800034c                TIM1_CC_IRQHandler
                0x0800034c                TIM6_IRQHandler
                0x0800034c                PVD_IRQHandler
                0x0800034c                SDIO_IRQHandler
                0x0800034c                CAN2_RX1_IRQHandler
                0x0800034c                TIM8_TRG_COM_TIM14_IRQHandler
                0x0800034c                TIM1_UP_TIM10_IRQHandler
                0x0800034c                TIM8_UP_TIM13_IRQHandler
                0x0800034c                I2C2_EV_IRQHandler
                0x0800034c                CAN1_RX0_IRQHandler
                0x0800034c                TIM1_UP_TIM16_IRQHandler
                0x0800034c                CAN2_SCE_IRQHandler
                0x0800034c                ADC1_2_IRQHandler
                0x0800034c                SPI1_IRQHandler
                0x0800034c                TAMPER_IRQHandler
                0x0800034c                TIM6_DAC_IRQHandler
                0x0800034c                TIM1_BRK_TIM9_IRQHandler
                0x0800034c                CAN2_RX0_IRQHandler
                0x0800034c                TIM8_UP_IRQHandler
                0x0800034c                DMA2_Channel2_IRQHandler
                0x0800034c                DMA1_Channel4_IRQHandler
                0x0800034c                USART3_IRQHandler
                0x0800034c                RTC_IRQHandler
                0x0800034c                DMA1_Channel7_IRQHandler
                0x0800034c                CAN1_RX1_IRQHandler
                0x0800034c                UART5_IRQHandler
                0x0800034c                ADC3_IRQHandler
                0x0800034c                TIM4_IRQHandler
                0x0800034c                DMA2_Channel1_IRQHandler
                0x0800034c                I2C1_EV_IRQHandler
                0x0800034c                DMA1_Channel6_IRQHandler
                0x0800034c                UART4_IRQHandler
                0x0800034c                DMA2_Channel4_IRQHandler
                0x0800034c                TIM3_IRQHandler
                0x0800034c                RCC_IRQHandler
                0x0800034c                TIM8_BRK_TIM12_IRQHandler
                0x0800034c                TIM1_TRG_COM_IRQHandler
                0x0800034c                DMA1_Channel1_IRQHandler
                0x0800034c                Default_Handler
                0x0800034c                CEC_IRQHandler
                0x0800034c                TIM14_IRQHandler
                0x0800034c                TIM13_IRQHandler
                0x0800034c                TIM12_IRQHandler
                0x0800034c                TIM7_IRQHandler
                0x0800034c                CAN2_TX_IRQHandler
                0x0800034c                TIM5_IRQHandler
                0x0800034c                ETH_WKUP_IRQHandler
                0x0800034c                SPI2_IRQHandler
                0x0800034c                CAN1_TX_IRQHandler
                0x0800034c                DMA2_Channel5_IRQHandler
                0x0800034c                DMA1_Channel5_IRQHandler
                0x0800034c                USB_LP_CAN1_RX0_IRQHandler
                0x0800034c                TIM1_TRG_COM_TIM17_IRQHandler
                0x0800034c                USB_HP_CAN1_TX_IRQHandler
                0x0800034c                DMA1_Channel3_IRQHandler
                0x0800034c                FSMC_IRQHandler
                0x0800034c                ETH_IRQHandler
                0x0800034c                TIM1_UP_IRQHandler
                0x0800034c                WWDG_IRQHandler
                0x0800034c                TIM2_IRQHandler
                0x0800034c                OTG_FS_WKUP_IRQHandler
                0x0800034c                TIM1_TRG_COM_TIM11_IRQHandler
                0x0800034c                TIM1_BRK_IRQHandler
                0x0800034c                RTCAlarm_IRQHandler
                0x0800034c                DMA2_Channel4_5_IRQHandler
                0x0800034c                USART2_IRQHandler
                0x0800034c                I2C2_ER_IRQHandler
                0x0800034c                DMA1_Channel2_IRQHandler
                0x0800034c                TIM8_BRK_IRQHandler
                0x0800034c                CAN1_SCE_IRQHandler
                0x0800034c                FLASH_IRQHandler
                0x0800034c                USART1_IRQHandler
                0x0800034c                OTG_FS_IRQHandler
                0x0800034c                SPI3_IRQHandler
                0x0800034c                I2C1_ER_IRQHandler
                0x0800034c                USBWakeUp_IRQHandler
                0x0800034c                DMA2_Channel3_IRQHandler
                0x0800034c                TIM1_BRK_TIM15_IRQHandler

.inits          0x08000350       0x28
                0x08000350                        __data_regions_array_start = .
                0x08000350        0x4 LONG 0x80014a0 LOADADDR (.data)
                0x08000354        0x4 LONG 0x20000000 ADDR (.data)
                0x08000358        0x4 LONG 0x20000074 (ADDR (.data) + SIZEOF (.data))
                0x0800035c        0x4 LONG 0x80014a0 LOADADDR (.data_CCMRAM)
                0x08000360        0x4 LONG 0x0 ADDR (.data_CCMRAM)
                0x08000364        0x4 LONG 0x0 (ADDR (.data_CCMRAM) + SIZEOF (.data_CCMRAM))
                0x08000368                        __data_regions_array_end = .
                0x08000368                        __bss_regions_array_start = .
                0x08000368        0x4 LONG 0x20000074 ADDR (.bss)
                0x0800036c        0x4 LONG 0x20000150 (ADDR (.bss) + SIZEOF (.bss))
                0x08000370        0x4 LONG 0x0 ADDR (.bss_CCMRAM)
                0x08000374        0x4 LONG 0x0 (ADDR (.bss_CCMRAM) + SIZEOF (.bss_CCMRAM))
                0x08000378                        __bss_regions_array_end = .
 *(.init)
 *(.fini)
                0x08000378                        . = ALIGN (0x4)
                0x08000378                        PROVIDE (__preinit_array_start = .)
 *(.preinit_array_sysinit .preinit_array_sysinit.*)
 *(.preinit_array_platform .preinit_array_platform.*)
 *(.preinit_array .preinit_array.*)
                0x08000378                        PROVIDE (__preinit_array_end = .)
                0x08000378                        . = ALIGN (0x4)
                0x08000378                        PROVIDE (__init_array_start = .)
 *(SORT_BY_NAME(.init_array.*))
 *(.init_array)
                0x08000378                        PROVIDE (__init_array_end = .)
                0x08000378                        . = ALIGN (0x4)
                0x08000378                        PROVIDE (__fini_array_start = .)
 *(SORT_BY_NAME(.fini_array.*))
 *(.fini_array)
                0x08000378                        PROVIDE (__fini_array_end = .)

.flashtext
 *(.flashtext .flashtext.*)

.text           0x08000378     0x1128
 *(.text .text.*)
 .text._exit    0x08000378        0x2 ./system/src/newlib/_exit.o
                0x08000378                _exit
 *fill*         0x0800037a        0x2 
 .text._sbrk    0x0800037c       0x44 ./system/src/newlib/_sbrk.o
                0x0800037c                _sbrk
 .text.__initialize_args
                0x080003c0       0x10 ./system/src/newlib/_syscalls.o
                0x080003c0                __initialize_args
 .text.trace_printf
                0x080003d0       0x34 ./system/src/diag/Trace.o
                0x080003d0                trace_printf
 .text._trace_write_semihosting_debug
                0x08000404       0x62 ./system/src/diag/trace_impl.o
 .text.trace_write
                0x08000466        0x8 ./system/src/diag/trace_impl.o
                0x08000466                trace_write
 *fill*         0x0800046e        0x2 
 .text.__initialize_hardware_early
                0x08000470       0x18 ./system/src/cortexm/_initialize_hardware.o
                0x08000470                __initialize_hardware_early
 .text.__initialize_hardware
                0x08000488        0x8 ./system/src/cortexm/_initialize_hardware.o
                0x08000488                __initialize_hardware
 .text.dumpExceptionStack
                0x08000490       0xf4 ./system/src/cortexm/exception_handlers.o
                0x08000490                dumpExceptionStack
 .text.isSemihosting
                0x08000584       0x20 ./system/src/cortexm/exception_handlers.o
                0x08000584                isSemihosting
 .text.SetSysClockTo72
                0x080005a4       0xc4 ./system/src/cmsis/system_stm32f10x.o
 .text.SetSysClock
                0x08000668        0x8 ./system/src/cmsis/system_stm32f10x.o
 .text.SystemInit
                0x08000670       0x50 ./system/src/cmsis/system_stm32f10x.o
                0x08000670                SystemInit
 .text.SystemCoreClockUpdate
                0x080006c0       0x94 ./system/src/cmsis/system_stm32f10x.o
                0x080006c0                SystemCoreClockUpdate
 .text.EXTI0_IRQHandler
                0x08000754       0x1c ./src/MEXTI.o
                0x08000754                EXTI0_IRQHandler
 .text.EXTI1_IRQHandler
                0x08000770       0x1c ./src/MEXTI.o
                0x08000770                EXTI1_IRQHandler
 .text.EXTI2_IRQHandler
                0x0800078c       0x1c ./src/MEXTI.o
                0x0800078c                EXTI2_IRQHandler
 .text.EXTI3_IRQHandler
                0x080007a8       0x1c ./src/MEXTI.o
                0x080007a8                EXTI3_IRQHandler
 .text.EXTI4_IRQHandler
                0x080007c4       0x1c ./src/MEXTI.o
                0x080007c4                EXTI4_IRQHandler
 .text.EXTI9_5_IRQHandler
                0x080007e0       0x90 ./src/MEXTI.o
                0x080007e0                EXTI9_5_IRQHandler
 .text.EXTI15_10_IRQHandler
                0x08000870       0xa8 ./src/MEXTI.o
                0x08000870                EXTI15_10_IRQHandler
 .text.Clock_init
                0x08000918       0x10 ./src/main.o
                0x08000918                Clock_init
 .text.GPIP_init
                0x08000928       0x2c ./src/main.o
                0x08000928                GPIP_init
 .text.main     0x08000954       0x54 ./src/main.o
                0x08000954                main
 .text._vsnprintf_r
                0x080009a8       0x56 d:/arm/arm-gnu-toolchain-12.2.mpacbti-rel1-mingw-w64-i686-arm-none-eabi/bin/../lib/gcc/arm-none-eabi/12.2.1/thumb/v7-m/nofp\libg_nano.a(libc_a-vsnprintf.o)
                0x080009a8                _vsniprintf_r
                0x080009a8                _vsnprintf_r
 *fill*         0x080009fe        0x2 
 .text.vsnprintf
                0x08000a00       0x1c d:/arm/arm-gnu-toolchain-12.2.mpacbti-rel1-mingw-w64-i686-arm-none-eabi/bin/../lib/gcc/arm-none-eabi/12.2.1/thumb/v7-m/nofp\libg_nano.a(libc_a-vsnprintf.o)
                0x08000a00                vsniprintf
                0x08000a00                vsnprintf
 .text.__errno  0x08000a1c        0xc d:/arm/arm-gnu-toolchain-12.2.mpacbti-rel1-mingw-w64-i686-arm-none-eabi/bin/../lib/gcc/arm-none-eabi/12.2.1/thumb/v7-m/nofp\libg_nano.a(libc_a-errno.o)
                0x08000a1c                __errno
 .text.__ssputs_r
                0x08000a28       0xb6 d:/arm/arm-gnu-toolchain-12.2.mpacbti-rel1-mingw-w64-i686-arm-none-eabi/bin/../lib/gcc/arm-none-eabi/12.2.1/thumb/v7-m/nofp\libg_nano.a(libc_a-nano-svfprintf.o)
                0x08000a28                __ssputs_r
 *fill*         0x08000ade        0x2 
 .text._svfprintf_r
                0x08000ae0      0x1f8 d:/arm/arm-gnu-toolchain-12.2.mpacbti-rel1-mingw-w64-i686-arm-none-eabi/bin/../lib/gcc/arm-none-eabi/12.2.1/thumb/v7-m/nofp\libg_nano.a(libc_a-nano-svfprintf.o)
                0x08000ae0                _svfiprintf_r
                0x08000ae0                _svfprintf_r
 .text._printf_common
                0x08000cd8       0xe4 d:/arm/arm-gnu-toolchain-12.2.mpacbti-rel1-mingw-w64-i686-arm-none-eabi/bin/../lib/gcc/arm-none-eabi/12.2.1/thumb/v7-m/nofp\libg_nano.a(libc_a-nano-vfprintf_i.o)
                0x08000cd8                _printf_common
 .text._printf_i
                0x08000dbc      0x258 d:/arm/arm-gnu-toolchain-12.2.mpacbti-rel1-mingw-w64-i686-arm-none-eabi/bin/../lib/gcc/arm-none-eabi/12.2.1/thumb/v7-m/nofp\libg_nano.a(libc_a-nano-vfprintf_i.o)
                0x08000dbc                _printf_i
 .text.memmove  0x08001014       0x34 d:/arm/arm-gnu-toolchain-12.2.mpacbti-rel1-mingw-w64-i686-arm-none-eabi/bin/../lib/gcc/arm-none-eabi/12.2.1/thumb/v7-m/nofp\libg_nano.a(libc_a-memmove.o)
                0x08001014                memmove
 .text.memchr   0x08001048       0x1c d:/arm/arm-gnu-toolchain-12.2.mpacbti-rel1-mingw-w64-i686-arm-none-eabi/bin/../lib/gcc/arm-none-eabi/12.2.1/thumb/v7-m/nofp\libg_nano.a(libc_a-memchr-stub.o)
                0x08001048                memchr
 .text.memcpy   0x08001064       0x1c d:/arm/arm-gnu-toolchain-12.2.mpacbti-rel1-mingw-w64-i686-arm-none-eabi/bin/../lib/gcc/arm-none-eabi/12.2.1/thumb/v7-m/nofp\libg_nano.a(libc_a-memcpy-stub.o)
                0x08001064                memcpy
 .text._free_r  0x08001080       0x90 d:/arm/arm-gnu-toolchain-12.2.mpacbti-rel1-mingw-w64-i686-arm-none-eabi/bin/../lib/gcc/arm-none-eabi/12.2.1/thumb/v7-m/nofp\libg_nano.a(libc_a-freer.o)
                0x08001080                _free_r
 .text.sbrk_aligned
                0x08001110       0x44 d:/arm/arm-gnu-toolchain-12.2.mpacbti-rel1-mingw-w64-i686-arm-none-eabi/bin/../lib/gcc/arm-none-eabi/12.2.1/thumb/v7-m/nofp\libg_nano.a(libc_a-mallocr.o)
 .text._malloc_r
                0x08001154      0x100 d:/arm/arm-gnu-toolchain-12.2.mpacbti-rel1-mingw-w64-i686-arm-none-eabi/bin/../lib/gcc/arm-none-eabi/12.2.1/thumb/v7-m/nofp\libg_nano.a(libc_a-mallocr.o)
                0x08001154                _malloc_r
 .text.__malloc_lock
                0x08001254        0xc d:/arm/arm-gnu-toolchain-12.2.mpacbti-rel1-mingw-w64-i686-arm-none-eabi/bin/../lib/gcc/arm-none-eabi/12.2.1/thumb/v7-m/nofp\libg_nano.a(libc_a-mlock.o)
                0x08001254                __malloc_lock
 .text.__malloc_unlock
                0x08001260        0xc d:/arm/arm-gnu-toolchain-12.2.mpacbti-rel1-mingw-w64-i686-arm-none-eabi/bin/../lib/gcc/arm-none-eabi/12.2.1/thumb/v7-m/nofp\libg_nano.a(libc_a-mlock.o)
                0x08001260                __malloc_unlock
 .text._realloc_r
                0x0800126c       0x5c d:/arm/arm-gnu-toolchain-12.2.mpacbti-rel1-mingw-w64-i686-arm-none-eabi/bin/../lib/gcc/arm-none-eabi/12.2.1/thumb/v7-m/nofp\libg_nano.a(libc_a-reallocr.o)
                0x0800126c                _realloc_r
 .text._sbrk_r  0x080012c8       0x20 d:/arm/arm-gnu-toolchain-12.2.mpacbti-rel1-mingw-w64-i686-arm-none-eabi/bin/../lib/gcc/arm-none-eabi/12.2.1/thumb/v7-m/nofp\libg_nano.a(libc_a-sbrkr.o)
                0x080012c8                _sbrk_r
 .text.__retarget_lock_acquire_recursive
                0x080012e8        0x2 d:/arm/arm-gnu-toolchain-12.2.mpacbti-rel1-mingw-w64-i686-arm-none-eabi/bin/../lib/gcc/arm-none-eabi/12.2.1/thumb/v7-m/nofp\libg_nano.a(libc_a-lock.o)
                0x080012e8                __retarget_lock_acquire_recursive
 .text.__retarget_lock_release_recursive
                0x080012ea        0x2 d:/arm/arm-gnu-toolchain-12.2.mpacbti-rel1-mingw-w64-i686-arm-none-eabi/bin/../lib/gcc/arm-none-eabi/12.2.1/thumb/v7-m/nofp\libg_nano.a(libc_a-lock.o)
                0x080012ea                __retarget_lock_release_recursive
 .text._malloc_usable_size_r
                0x080012ec       0x10 d:/arm/arm-gnu-toolchain-12.2.mpacbti-rel1-mingw-w64-i686-arm-none-eabi/bin/../lib/gcc/arm-none-eabi/12.2.1/thumb/v7-m/nofp\libg_nano.a(libc_a-msizer.o)
                0x080012ec                _malloc_usable_size_r
 *(.rodata .rodata.* .constdata .constdata.*)
 .rodata.dumpExceptionStack.str1.4
                0x080012fc      0x11a ./system/src/cortexm/exception_handlers.o
 *fill*         0x08001416        0x2 
 .rodata.str1.4
                0x08001418       0x2a ./system/src/cortexm/exception_handlers.o
 .rodata._svfprintf_r.str1.1
                0x08001442       0x11 d:/arm/arm-gnu-toolchain-12.2.mpacbti-rel1-mingw-w64-i686-arm-none-eabi/bin/../lib/gcc/arm-none-eabi/12.2.1/thumb/v7-m/nofp\libg_nano.a(libc_a-nano-svfprintf.o)
 .rodata._printf_i.str1.1
                0x08001453       0x22 d:/arm/arm-gnu-toolchain-12.2.mpacbti-rel1-mingw-w64-i686-arm-none-eabi/bin/../lib/gcc/arm-none-eabi/12.2.1/thumb/v7-m/nofp\libg_nano.a(libc_a-nano-vfprintf_i.o)
 *(vtable)
 *(.eh_frame*)
 *fill*         0x08001475        0x3 
 .eh_frame      0x08001478       0x28 d:/arm/arm-gnu-toolchain-12.2.mpacbti-rel1-mingw-w64-i686-arm-none-eabi/bin/../lib/gcc/arm-none-eabi/12.2.1/thumb/v7-m/nofp\libg_nano.a(libc_a-strlen.o)
 *(.glue_7)
 .glue_7        0x080014a0        0x0 linker stubs
 *(.glue_7t)
 .glue_7t       0x080014a0        0x0 linker stubs

.vfp11_veneer   0x080014a0        0x0
 .vfp11_veneer  0x080014a0        0x0 linker stubs

.v4_bx          0x080014a0        0x0
 .v4_bx         0x080014a0        0x0 linker stubs

.iplt           0x080014a0        0x0
 .iplt          0x080014a0        0x0 ./system/src/newlib/_sbrk.o

.rel.dyn        0x080014a0        0x0
 .rel.iplt      0x080014a0        0x0 ./system/src/newlib/_sbrk.o

.ARM.extab
 *(.ARM.extab* .gnu.linkonce.armextab.*)
                0x080014a0                        . = ALIGN (0x4)
                0x080014a0                        __exidx_start = .

.ARM.exidx
 *(.ARM.exidx* .gnu.linkonce.armexidx.*)
                0x080014a0                        __exidx_end = .
                0x080014a0                        . = ALIGN (0x4)
                0x080014a0                        _etext = .
                0x080014a0                        __etext = .

.data_CCMRAM    0x00000000        0x0 load address 0x080014a0
 FILL mask 0xff
 *(.data.CCMRAM .data.CCMRAM.*)
                0x00000000                        . = ALIGN (0x4)
                0x080014a0                        _sidata = LOADADDR (.data)

.data           0x20000000       0x74 load address 0x080014a0
 FILL mask 0xff
                0x20000000                        _sdata = .
                0x20000000                        __data_start__ = .
 *(.data_begin .data_begin.*)
 .data_begin    0x20000000        0x4 ./system/src/newlib/_startup.o
 *(.data .data.*)
 .data.argv.1   0x20000004        0x8 ./system/src/newlib/_syscalls.o
 .data.AHBPrescTable
                0x2000000c       0x10 ./system/src/cmsis/system_stm32f10x.o
                0x2000000c                AHBPrescTable
 .data.SystemCoreClock
                0x2000001c        0x4 ./system/src/cmsis/system_stm32f10x.o
                0x2000001c                SystemCoreClock
 .data._impure_ptr
                0x20000020        0x4 d:/arm/arm-gnu-toolchain-12.2.mpacbti-rel1-mingw-w64-i686-arm-none-eabi/bin/../lib/gcc/arm-none-eabi/12.2.1/thumb/v7-m/nofp\libg_nano.a(libc_a-impure.o)
                0x20000020                _impure_ptr
 .data._impure_data
                0x20000024       0x4c d:/arm/arm-gnu-toolchain-12.2.mpacbti-rel1-mingw-w64-i686-arm-none-eabi/bin/../lib/gcc/arm-none-eabi/12.2.1/thumb/v7-m/nofp\libg_nano.a(libc_a-impure.o)
                0x20000024                _impure_data
 *(.data_end .data_end.*)
 .data_end      0x20000070        0x4 ./system/src/newlib/_startup.o
                0x20000074                        . = ALIGN (0x4)
                0x20000074                        _edata = .
                0x20000074                        __data_end__ = .

.igot.plt       0x20000074        0x0 load address 0x08001514
 .igot.plt      0x20000074        0x0 ./system/src/newlib/_sbrk.o

.bss_CCMRAM     0x00000000        0x0
 *(.bss.CCMRAM .bss.CCMRAM.*)

.bss            0x20000074       0xdc
                0x20000074                        __bss_start__ = .
                0x20000074                        _sbss = .
 *(.bss_begin .bss_begin.*)
 .bss_begin     0x20000074        0x4 ./system/src/newlib/_startup.o
 *(.bss .bss.*)
 .bss.current_heap_end.0
                0x20000078        0x4 ./system/src/newlib/_sbrk.o
 .bss.name.0    0x2000007c        0x1 ./system/src/newlib/_syscalls.o
 *fill*         0x2000007d        0x3 
 .bss.errno     0x20000080        0x4 ./system/src/newlib/_syscalls.o
                0x20000080                errno
 .bss.buf.0     0x20000084       0x80 ./system/src/diag/Trace.o
 .bss.GP_IRQCallBack
                0x20000104       0x3c ./src/MEXTI.o
                0x20000104                GP_IRQCallBack
 .bss.__malloc_sbrk_start
                0x20000140        0x4 d:/arm/arm-gnu-toolchain-12.2.mpacbti-rel1-mingw-w64-i686-arm-none-eabi/bin/../lib/gcc/arm-none-eabi/12.2.1/thumb/v7-m/nofp\libg_nano.a(libc_a-mallocr.o)
                0x20000140                __malloc_sbrk_start
 .bss.__malloc_free_list
                0x20000144        0x4 d:/arm/arm-gnu-toolchain-12.2.mpacbti-rel1-mingw-w64-i686-arm-none-eabi/bin/../lib/gcc/arm-none-eabi/12.2.1/thumb/v7-m/nofp\libg_nano.a(libc_a-mallocr.o)
                0x20000144                __malloc_free_list
 .bss.__lock___malloc_recursive_mutex
                0x20000148        0x1 d:/arm/arm-gnu-toolchain-12.2.mpacbti-rel1-mingw-w64-i686-arm-none-eabi/bin/../lib/gcc/arm-none-eabi/12.2.1/thumb/v7-m/nofp\libg_nano.a(libc_a-lock.o)
                0x20000148                __lock___malloc_recursive_mutex
 *(COMMON)
 *(.bss_end .bss_end.*)
 *fill*         0x20000149        0x3 
 .bss_end       0x2000014c        0x4 ./system/src/newlib/_startup.o
                0x20000150                        . = ALIGN (0x4)
                0x20000150                        __bss_end__ = .
                0x20000150                        _ebss = .

.noinit_CCMRAM
 *(.noinit.CCMRAM .noinit.CCMRAM.*)

.noinit         0x20000150        0x0
                0x20000150                        _noinit = .
 *(.noinit .noinit.*)
                0x20000150                        . = ALIGN (0x4)
                0x20000150                        _end_noinit = .
                [!provide]                        PROVIDE (end = _end_noinit)
                [!provide]                        PROVIDE (_end = _end_noinit)
                [!provide]                        PROVIDE (__end = _end_noinit)
                [!provide]                        PROVIDE (__end__ = _end_noinit)

._check_stack   0x20000150      0x100
                0x20000250                        . = (. + _Minimum_Stack_Size)
 *fill*         0x20000150      0x100 

.b1text
 *(.b1text)
 *(.b1rodata)
 *(.b1rodata.*)

.eb0text
 *(.eb0text)
 *(.eb0rodata)
 *(.eb0rodata.*)

.eb1text
 *(.eb1text)
 *(.eb1rodata)
 *(.eb1rodata.*)

.eb2text
 *(.eb2text)
 *(.eb2rodata)
 *(.eb2rodata.*)

.eb3text
 *(.eb3text)
 *(.eb3rodata)
 *(.eb3rodata.*)

.stab
 *(.stab)

.stabstr
 *(.stabstr)

.stab.excl
 *(.stab.excl)

.stab.exclstr
 *(.stab.exclstr)

.stab.index
 *(.stab.index)

.stab.indexstr
 *(.stab.indexstr)

.comment        0x00000000       0x55
 *(.comment)
 .comment       0x00000000       0x55 ./system/src/newlib/_exit.o
                                 0x56 (size before relaxing)
 .comment       0x00000055       0x56 ./system/src/newlib/_sbrk.o
 .comment       0x00000055       0x56 ./system/src/newlib/_startup.o
 .comment       0x00000055       0x56 ./system/src/newlib/_syscalls.o
 .comment       0x00000055       0x56 ./system/src/diag/Trace.o
 .comment       0x00000055       0x56 ./system/src/diag/trace_impl.o
 .comment       0x00000055       0x56 ./system/src/cortexm/_initialize_hardware.o
 .comment       0x00000055       0x56 ./system/src/cortexm/exception_handlers.o
 .comment       0x00000055       0x56 ./system/src/cmsis/system_stm32f10x.o
 .comment       0x00000055       0x56 ./system/src/cmsis/vectors_stm32f10x.o
 .comment       0x00000055       0x56 ./src/MEXTI.o
 .comment       0x00000055       0x56 ./src/main.o

.ARM.attributes
                0x00000000       0x2b
 .ARM.attributes
                0x00000000       0x2d ./system/src/newlib/_exit.o
 .ARM.attributes
                0x0000002d       0x2d ./system/src/newlib/_sbrk.o
 .ARM.attributes
                0x0000005a       0x2d ./system/src/newlib/_startup.o
 .ARM.attributes
                0x00000087       0x2d ./system/src/newlib/_syscalls.o
 .ARM.attributes
                0x000000b4       0x2d ./system/src/diag/Trace.o
 .ARM.attributes
                0x000000e1       0x2d ./system/src/diag/trace_impl.o
 .ARM.attributes
                0x0000010e       0x2d ./system/src/cortexm/_initialize_hardware.o
 .ARM.attributes
                0x0000013b       0x2d ./system/src/cortexm/exception_handlers.o
 .ARM.attributes
                0x00000168       0x2d ./system/src/cmsis/system_stm32f10x.o
 .ARM.attributes
                0x00000195       0x2d ./system/src/cmsis/vectors_stm32f10x.o
 .ARM.attributes
                0x000001c2       0x2d ./src/MEXTI.o
 .ARM.attributes
                0x000001ef       0x2d ./src/main.o
 .ARM.attributes
                0x0000021c       0x2d d:/arm/arm-gnu-toolchain-12.2.mpacbti-rel1-mingw-w64-i686-arm-none-eabi/bin/../lib/gcc/arm-none-eabi/12.2.1/thumb/v7-m/nofp\libg_nano.a(libc_a-vsnprintf.o)
 .ARM.attributes
                0x00000249       0x2d d:/arm/arm-gnu-toolchain-12.2.mpacbti-rel1-mingw-w64-i686-arm-none-eabi/bin/../lib/gcc/arm-none-eabi/12.2.1/thumb/v7-m/nofp\libg_nano.a(libc_a-impure.o)
 .ARM.attributes
                0x00000276       0x2d d:/arm/arm-gnu-toolchain-12.2.mpacbti-rel1-mingw-w64-i686-arm-none-eabi/bin/../lib/gcc/arm-none-eabi/12.2.1/thumb/v7-m/nofp\libg_nano.a(libc_a-errno.o)
 .ARM.attributes
                0x000002a3       0x17 d:/arm/arm-gnu-toolchain-12.2.mpacbti-rel1-mingw-w64-i686-arm-none-eabi/bin/../lib/gcc/arm-none-eabi/12.2.1/thumb/v7-m/nofp\libg_nano.a(libc_a-strlen.o)
 .ARM.attributes
                0x000002ba       0x2d d:/arm/arm-gnu-toolchain-12.2.mpacbti-rel1-mingw-w64-i686-arm-none-eabi/bin/../lib/gcc/arm-none-eabi/12.2.1/thumb/v7-m/nofp\libg_nano.a(libc_a-nano-svfprintf.o)
 .ARM.attributes
                0x000002e7       0x2d d:/arm/arm-gnu-toolchain-12.2.mpacbti-rel1-mingw-w64-i686-arm-none-eabi/bin/../lib/gcc/arm-none-eabi/12.2.1/thumb/v7-m/nofp\libg_nano.a(libc_a-nano-vfprintf_i.o)
 .ARM.attributes
                0x00000314       0x2d d:/arm/arm-gnu-toolchain-12.2.mpacbti-rel1-mingw-w64-i686-arm-none-eabi/bin/../lib/gcc/arm-none-eabi/12.2.1/thumb/v7-m/nofp\libg_nano.a(libc_a-memmove.o)
 .ARM.attributes
                0x00000341       0x2d d:/arm/arm-gnu-toolchain-12.2.mpacbti-rel1-mingw-w64-i686-arm-none-eabi/bin/../lib/gcc/arm-none-eabi/12.2.1/thumb/v7-m/nofp\libg_nano.a(libc_a-memchr-stub.o)
 .ARM.attributes
                0x0000036e       0x2d d:/arm/arm-gnu-toolchain-12.2.mpacbti-rel1-mingw-w64-i686-arm-none-eabi/bin/../lib/gcc/arm-none-eabi/12.2.1/thumb/v7-m/nofp\libg_nano.a(libc_a-memcpy-stub.o)
 .ARM.attributes
                0x0000039b       0x2d d:/arm/arm-gnu-toolchain-12.2.mpacbti-rel1-mingw-w64-i686-arm-none-eabi/bin/../lib/gcc/arm-none-eabi/12.2.1/thumb/v7-m/nofp\libg_nano.a(libc_a-freer.o)
 .ARM.attributes
                0x000003c8       0x2d d:/arm/arm-gnu-toolchain-12.2.mpacbti-rel1-mingw-w64-i686-arm-none-eabi/bin/../lib/gcc/arm-none-eabi/12.2.1/thumb/v7-m/nofp\libg_nano.a(libc_a-mallocr.o)
 .ARM.attributes
                0x000003f5       0x2d d:/arm/arm-gnu-toolchain-12.2.mpacbti-rel1-mingw-w64-i686-arm-none-eabi/bin/../lib/gcc/arm-none-eabi/12.2.1/thumb/v7-m/nofp\libg_nano.a(libc_a-mlock.o)
 .ARM.attributes
                0x00000422       0x2d d:/arm/arm-gnu-toolchain-12.2.mpacbti-rel1-mingw-w64-i686-arm-none-eabi/bin/../lib/gcc/arm-none-eabi/12.2.1/thumb/v7-m/nofp\libg_nano.a(libc_a-reallocr.o)
 .ARM.attributes
                0x0000044f       0x2d d:/arm/arm-gnu-toolchain-12.2.mpacbti-rel1-mingw-w64-i686-arm-none-eabi/bin/../lib/gcc/arm-none-eabi/12.2.1/thumb/v7-m/nofp\libg_nano.a(libc_a-sbrkr.o)
 .ARM.attributes
                0x0000047c       0x2d d:/arm/arm-gnu-toolchain-12.2.mpacbti-rel1-mingw-w64-i686-arm-none-eabi/bin/../lib/gcc/arm-none-eabi/12.2.1/thumb/v7-m/nofp\libg_nano.a(libc_a-lock.o)
 .ARM.attributes
                0x000004a9       0x2d d:/arm/arm-gnu-toolchain-12.2.mpacbti-rel1-mingw-w64-i686-arm-none-eabi/bin/../lib/gcc/arm-none-eabi/12.2.1/thumb/v7-m/nofp\libg_nano.a(libc_a-msizer.o)

.debug
 *(.debug)

.line
 *(.line)

.debug_srcinfo
 *(.debug_srcinfo)

.debug_sfnames
 *(.debug_sfnames)

.debug_aranges  0x00000000      0x2e8
 *(.debug_aranges)
 .debug_aranges
                0x00000000       0x28 ./system/src/newlib/_exit.o
 .debug_aranges
                0x00000028       0x20 ./system/src/newlib/_sbrk.o
 .debug_aranges
                0x00000048       0x40 ./system/src/newlib/_startup.o
 .debug_aranges
                0x00000088       0x30 ./system/src/newlib/_syscalls.o
 .debug_aranges
                0x000000b8       0x38 ./system/src/diag/Trace.o
 .debug_aranges
                0x000000f0       0x30 ./system/src/diag/trace_impl.o
 .debug_aranges
                0x00000120       0x28 ./system/src/cortexm/_initialize_hardware.o
 .debug_aranges
                0x00000148       0x90 ./system/src/cortexm/exception_handlers.o
 .debug_aranges
                0x000001d8       0x38 ./system/src/cmsis/system_stm32f10x.o
 .debug_aranges
                0x00000210       0x20 ./system/src/cmsis/vectors_stm32f10x.o
 .debug_aranges
                0x00000230       0x80 ./src/MEXTI.o
 .debug_aranges
                0x000002b0       0x38 ./src/main.o

.debug_pubnames
 *(.debug_pubnames)

.debug_info     0x00000000     0x25cc
 *(.debug_info .gnu.linkonce.wi.*)
 .debug_info    0x00000000      0x104 ./system/src/newlib/_exit.o
 .debug_info    0x00000104      0x10f ./system/src/newlib/_sbrk.o
 .debug_info    0x00000213      0x48f ./system/src/newlib/_startup.o
 .debug_info    0x000006a2      0x1c3 ./system/src/newlib/_syscalls.o
 .debug_info    0x00000865      0x34b ./system/src/diag/Trace.o
 .debug_info    0x00000bb0      0x319 ./system/src/diag/trace_impl.o
 .debug_info    0x00000ec9      0x271 ./system/src/cortexm/_initialize_hardware.o
 .debug_info    0x0000113a      0x905 ./system/src/cortexm/exception_handlers.o
 .debug_info    0x00001a3f      0x4a5 ./system/src/cmsis/system_stm32f10x.o
 .debug_info    0x00001ee4      0x10b ./system/src/cmsis/vectors_stm32f10x.o
 .debug_info    0x00001fef      0x4c2 ./src/MEXTI.o
 .debug_info    0x000024b1      0x11b ./src/main.o

.debug_abbrev   0x00000000     0x10ac
 *(.debug_abbrev)
 .debug_abbrev  0x00000000       0xc5 ./system/src/newlib/_exit.o
 .debug_abbrev  0x000000c5       0xcc ./system/src/newlib/_sbrk.o
 .debug_abbrev  0x00000191      0x20e ./system/src/newlib/_startup.o
 .debug_abbrev  0x0000039f      0x118 ./system/src/newlib/_syscalls.o
 .debug_abbrev  0x000004b7      0x184 ./system/src/diag/Trace.o
 .debug_abbrev  0x0000063b      0x1e6 ./system/src/diag/trace_impl.o
 .debug_abbrev  0x00000821      0x105 ./system/src/cortexm/_initialize_hardware.o
 .debug_abbrev  0x00000926      0x28c ./system/src/cortexm/exception_handlers.o
 .debug_abbrev  0x00000bb2      0x18f ./system/src/cmsis/system_stm32f10x.o
 .debug_abbrev  0x00000d41       0xb8 ./system/src/cmsis/vectors_stm32f10x.o
 .debug_abbrev  0x00000df9      0x1f7 ./src/MEXTI.o
 .debug_abbrev  0x00000ff0       0xbc ./src/main.o

.debug_line     0x00000000     0x3db5
 *(.debug_line)
 .debug_line    0x00000000      0x3ab ./system/src/newlib/_exit.o
 .debug_line    0x000003ab      0x39c ./system/src/newlib/_sbrk.o
 .debug_line    0x00000747      0x5d2 ./system/src/newlib/_startup.o
 .debug_line    0x00000d19      0x4b0 ./system/src/newlib/_syscalls.o
 .debug_line    0x000011c9      0x485 ./system/src/diag/Trace.o
 .debug_line    0x0000164e      0x6f9 ./system/src/diag/trace_impl.o
 .debug_line    0x00001d47      0x398 ./system/src/cortexm/_initialize_hardware.o
 .debug_line    0x000020df      0x940 ./system/src/cortexm/exception_handlers.o
 .debug_line    0x00002a1f      0x5ee ./system/src/cmsis/system_stm32f10x.o
 .debug_line    0x0000300d      0x12a ./system/src/cmsis/vectors_stm32f10x.o
 .debug_line    0x00003137      0x8ec ./src/MEXTI.o
 .debug_line    0x00003a23      0x392 ./src/main.o

.debug_frame    0x00000000      0x9a0
 *(.debug_frame)
 .debug_frame   0x00000000       0x38 ./system/src/newlib/_exit.o
 .debug_frame   0x00000038       0x28 ./system/src/newlib/_sbrk.o
 .debug_frame   0x00000060       0x7c ./system/src/newlib/_startup.o
 .debug_frame   0x000000dc       0x50 ./system/src/newlib/_syscalls.o
 .debug_frame   0x0000012c       0x94 ./system/src/diag/Trace.o
 .debug_frame   0x000001c0       0x64 ./system/src/diag/trace_impl.o
 .debug_frame   0x00000224       0x40 ./system/src/cortexm/_initialize_hardware.o
 .debug_frame   0x00000264      0x158 ./system/src/cortexm/exception_handlers.o
 .debug_frame   0x000003bc       0x6c ./system/src/cmsis/system_stm32f10x.o
 .debug_frame   0x00000428       0x20 ./system/src/cmsis/vectors_stm32f10x.o
 .debug_frame   0x00000448      0x13c ./src/MEXTI.o
 .debug_frame   0x00000584       0x58 ./src/main.o
 .debug_frame   0x000005dc       0x4c d:/arm/arm-gnu-toolchain-12.2.mpacbti-rel1-mingw-w64-i686-arm-none-eabi/bin/../lib/gcc/arm-none-eabi/12.2.1/thumb/v7-m/nofp\libg_nano.a(libc_a-vsnprintf.o)
 .debug_frame   0x00000628       0x20 d:/arm/arm-gnu-toolchain-12.2.mpacbti-rel1-mingw-w64-i686-arm-none-eabi/bin/../lib/gcc/arm-none-eabi/12.2.1/thumb/v7-m/nofp\libg_nano.a(libc_a-errno.o)
 .debug_frame   0x00000648       0x90 d:/arm/arm-gnu-toolchain-12.2.mpacbti-rel1-mingw-w64-i686-arm-none-eabi/bin/../lib/gcc/arm-none-eabi/12.2.1/thumb/v7-m/nofp\libg_nano.a(libc_a-nano-svfprintf.o)
 .debug_frame   0x000006d8       0x60 d:/arm/arm-gnu-toolchain-12.2.mpacbti-rel1-mingw-w64-i686-arm-none-eabi/bin/../lib/gcc/arm-none-eabi/12.2.1/thumb/v7-m/nofp\libg_nano.a(libc_a-nano-vfprintf_i.o)
 .debug_frame   0x00000738       0x28 d:/arm/arm-gnu-toolchain-12.2.mpacbti-rel1-mingw-w64-i686-arm-none-eabi/bin/../lib/gcc/arm-none-eabi/12.2.1/thumb/v7-m/nofp\libg_nano.a(libc_a-memmove.o)
 .debug_frame   0x00000760       0x28 d:/arm/arm-gnu-toolchain-12.2.mpacbti-rel1-mingw-w64-i686-arm-none-eabi/bin/../lib/gcc/arm-none-eabi/12.2.1/thumb/v7-m/nofp\libg_nano.a(libc_a-memchr-stub.o)
 .debug_frame   0x00000788       0x28 d:/arm/arm-gnu-toolchain-12.2.mpacbti-rel1-mingw-w64-i686-arm-none-eabi/bin/../lib/gcc/arm-none-eabi/12.2.1/thumb/v7-m/nofp\libg_nano.a(libc_a-memcpy-stub.o)
 .debug_frame   0x000007b0       0x38 d:/arm/arm-gnu-toolchain-12.2.mpacbti-rel1-mingw-w64-i686-arm-none-eabi/bin/../lib/gcc/arm-none-eabi/12.2.1/thumb/v7-m/nofp\libg_nano.a(libc_a-freer.o)
 .debug_frame   0x000007e8       0x50 d:/arm/arm-gnu-toolchain-12.2.mpacbti-rel1-mingw-w64-i686-arm-none-eabi/bin/../lib/gcc/arm-none-eabi/12.2.1/thumb/v7-m/nofp\libg_nano.a(libc_a-mallocr.o)
 .debug_frame   0x00000838       0x30 d:/arm/arm-gnu-toolchain-12.2.mpacbti-rel1-mingw-w64-i686-arm-none-eabi/bin/../lib/gcc/arm-none-eabi/12.2.1/thumb/v7-m/nofp\libg_nano.a(libc_a-mlock.o)
 .debug_frame   0x00000868       0x3c d:/arm/arm-gnu-toolchain-12.2.mpacbti-rel1-mingw-w64-i686-arm-none-eabi/bin/../lib/gcc/arm-none-eabi/12.2.1/thumb/v7-m/nofp\libg_nano.a(libc_a-reallocr.o)
 .debug_frame   0x000008a4       0x2c d:/arm/arm-gnu-toolchain-12.2.mpacbti-rel1-mingw-w64-i686-arm-none-eabi/bin/../lib/gcc/arm-none-eabi/12.2.1/thumb/v7-m/nofp\libg_nano.a(libc_a-sbrkr.o)
 .debug_frame   0x000008d0       0xb0 d:/arm/arm-gnu-toolchain-12.2.mpacbti-rel1-mingw-w64-i686-arm-none-eabi/bin/../lib/gcc/arm-none-eabi/12.2.1/thumb/v7-m/nofp\libg_nano.a(libc_a-lock.o)
 .debug_frame   0x00000980       0x20 d:/arm/arm-gnu-toolchain-12.2.mpacbti-rel1-mingw-w64-i686-arm-none-eabi/bin/../lib/gcc/arm-none-eabi/12.2.1/thumb/v7-m/nofp\libg_nano.a(libc_a-msizer.o)

.debug_str      0x00000000    0x5773f
 *(.debug_str)
 .debug_str     0x00000000     0x7acf ./system/src/newlib/_exit.o
                               0x7c35 (size before relaxing)
 .debug_str     0x00007acf      0x4e0 ./system/src/newlib/_sbrk.o
                               0x7018 (size before relaxing)
 .debug_str     0x00007faf      0xbc3 ./system/src/newlib/_startup.o
                               0x66c4 (size before relaxing)
 .debug_str     0x00008b72     0x13ab ./system/src/newlib/_syscalls.o
                               0x8e2f (size before relaxing)
 .debug_str     0x00009f1d      0x80b ./system/src/diag/Trace.o
                               0x83a8 (size before relaxing)
 .debug_str     0x0000a728    0x4b299 ./system/src/diag/trace_impl.o
                              0x526cb (size before relaxing)
 .debug_str     0x000559c1       0xc4 ./system/src/cortexm/_initialize_hardware.o
                              0x4e935 (size before relaxing)
 .debug_str     0x00055a85      0x1a6 ./system/src/cortexm/exception_handlers.o
                              0x539a1 (size before relaxing)
 .debug_str     0x00055c2b      0x124 ./system/src/cmsis/system_stm32f10x.o
                              0x4e9df (size before relaxing)
 .debug_str     0x00055d4f       0x57 ./system/src/cmsis/vectors_stm32f10x.o
                               0x3a37 (size before relaxing)
 .debug_str     0x00055da6     0x175c ./src/MEXTI.o
                               0x8327 (size before relaxing)
 .debug_str     0x00057502      0x23d ./src/main.o
                               0x73c9 (size before relaxing)

.debug_loc
 *(.debug_loc)

.debug_macinfo
 *(.debug_macinfo)

.debug_weaknames
 *(.debug_weaknames)

.debug_funcnames
 *(.debug_funcnames)

.debug_typenames
 *(.debug_typenames)

.debug_varnames
 *(.debug_varnames)
OUTPUT(Bluepill.elf elf32-littlearm)
LOAD linker stubs

.debug_loclists
                0x00000000      0x7d3
 .debug_loclists
                0x00000000       0x17 ./system/src/newlib/_exit.o
 .debug_loclists
                0x00000017       0x69 ./system/src/newlib/_sbrk.o
 .debug_loclists
                0x00000080      0x1bc ./system/src/newlib/_startup.o
 .debug_loclists
                0x0000023c       0x51 ./system/src/newlib/_syscalls.o
 .debug_loclists
                0x0000028d       0xb2 ./system/src/diag/Trace.o
 .debug_loclists
                0x0000033f       0xf5 ./system/src/diag/trace_impl.o
 .debug_loclists
                0x00000434      0x203 ./system/src/cortexm/exception_handlers.o
 .debug_loclists
                0x00000637       0xa5 ./system/src/cmsis/system_stm32f10x.o
 .debug_loclists
                0x000006dc       0xcb ./src/MEXTI.o
 .debug_loclists
                0x000007a7       0x2c ./src/main.o

.debug_rnglists
                0x00000000      0x213
 .debug_rnglists
                0x00000000       0x19 ./system/src/newlib/_exit.o
 .debug_rnglists
                0x00000019       0x13 ./system/src/newlib/_sbrk.o
 .debug_rnglists
                0x0000002c       0x2c ./system/src/newlib/_startup.o
 .debug_rnglists
                0x00000058       0x1f ./system/src/newlib/_syscalls.o
 .debug_rnglists
                0x00000077       0x25 ./system/src/diag/Trace.o
 .debug_rnglists
                0x0000009c       0x2b ./system/src/diag/trace_impl.o
 .debug_rnglists
                0x000000c7       0x19 ./system/src/cortexm/_initialize_hardware.o
 .debug_rnglists
                0x000000e0       0x74 ./system/src/cortexm/exception_handlers.o
 .debug_rnglists
                0x00000154       0x27 ./system/src/cmsis/system_stm32f10x.o
 .debug_rnglists
                0x0000017b       0x13 ./system/src/cmsis/vectors_stm32f10x.o
 .debug_rnglists
                0x0000018e       0x60 ./src/MEXTI.o
 .debug_rnglists
                0x000001ee       0x25 ./src/main.o

.debug_macro    0x00000000     0xf217
 .debug_macro   0x00000000      0x1ae ./system/src/newlib/_exit.o
 .debug_macro   0x000001ae      0xad2 ./system/src/newlib/_exit.o
 .debug_macro   0x00000c80       0x34 ./system/src/newlib/_exit.o
 .debug_macro   0x00000cb4      0x11c ./system/src/newlib/_exit.o
 .debug_macro   0x00000dd0       0x94 ./system/src/newlib/_exit.o
 .debug_macro   0x00000e64       0x43 ./system/src/newlib/_exit.o
 .debug_macro   0x00000ea7      0x369 ./system/src/newlib/_exit.o
 .debug_macro   0x00001210       0x35 ./system/src/newlib/_exit.o
 .debug_macro   0x00001245      0x163 ./system/src/newlib/_sbrk.o
 .debug_macro   0x000013a8      0x189 ./system/src/newlib/_sbrk.o
 .debug_macro   0x00001531       0x10 ./system/src/newlib/_sbrk.o
 .debug_macro   0x00001541      0x23c ./system/src/newlib/_sbrk.o
 .debug_macro   0x0000177d      0x15f ./system/src/newlib/_startup.o
 .debug_macro   0x000018dc      0x34e ./system/src/newlib/_startup.o
 .debug_macro   0x00001c2a      0x206 ./system/src/newlib/_syscalls.o
 .debug_macro   0x00001e30       0x1c ./system/src/newlib/_syscalls.o
 .debug_macro   0x00001e4c       0x10 ./system/src/newlib/_syscalls.o
 .debug_macro   0x00001e5c       0x10 ./system/src/newlib/_syscalls.o
 .debug_macro   0x00001e6c       0x10 ./system/src/newlib/_syscalls.o
 .debug_macro   0x00001e7c       0x35 ./system/src/newlib/_syscalls.o
 .debug_macro   0x00001eb1      0x12c ./system/src/newlib/_syscalls.o
 .debug_macro   0x00001fdd       0xce ./system/src/newlib/_syscalls.o
 .debug_macro   0x000020ab      0x10c ./system/src/newlib/_syscalls.o
 .debug_macro   0x000021b7      0x18a ./system/src/newlib/_syscalls.o
 .debug_macro   0x00002341       0x16 ./system/src/newlib/_syscalls.o
 .debug_macro   0x00002357      0x1f4 ./system/src/diag/Trace.o
 .debug_macro   0x0000254b       0x16 ./system/src/diag/Trace.o
 .debug_macro   0x00002561       0x9e ./system/src/diag/Trace.o
 .debug_macro   0x000025ff      0x10b ./system/src/diag/Trace.o
 .debug_macro   0x0000270a       0x10 ./system/src/diag/Trace.o
 .debug_macro   0x0000271a       0x16 ./system/src/diag/Trace.o
 .debug_macro   0x00002730       0x16 ./system/src/diag/Trace.o
 .debug_macro   0x00002746      0x170 ./system/src/diag/Trace.o
 .debug_macro   0x000028b6       0x4c ./system/src/diag/Trace.o
 .debug_macro   0x00002902       0xc1 ./system/src/diag/Trace.o
 .debug_macro   0x000029c3       0x16 ./system/src/diag/Trace.o
 .debug_macro   0x000029d9      0x2c6 ./system/src/diag/trace_impl.o
 .debug_macro   0x00002c9f       0x50 ./system/src/diag/trace_impl.o
 .debug_macro   0x00002cef       0x35 ./system/src/diag/trace_impl.o
 .debug_macro   0x00002d24       0x34 ./system/src/diag/trace_impl.o
 .debug_macro   0x00002d58      0xb8e ./system/src/diag/trace_impl.o
 .debug_macro   0x000038e6     0x7dbe ./system/src/diag/trace_impl.o
 .debug_macro   0x0000b6a4      0x2e4 ./system/src/diag/trace_impl.o
 .debug_macro   0x0000b988      0x144 ./system/src/diag/trace_impl.o
 .debug_macro   0x0000bacc      0x3cf ./system/src/diag/trace_impl.o
 .debug_macro   0x0000be9b       0xc8 ./system/src/diag/trace_impl.o
 .debug_macro   0x0000bf63      0x17a ./system/src/diag/trace_impl.o
 .debug_macro   0x0000c0dd       0xac ./system/src/diag/trace_impl.o
 .debug_macro   0x0000c189      0x3ad ./system/src/diag/trace_impl.o
 .debug_macro   0x0000c536       0x9d ./system/src/diag/trace_impl.o
 .debug_macro   0x0000c5d3      0x2cf ./system/src/diag/trace_impl.o
 .debug_macro   0x0000c8a2      0x279 ./system/src/diag/trace_impl.o
 .debug_macro   0x0000cb1b      0x2ac ./system/src/diag/trace_impl.o
 .debug_macro   0x0000cdc7      0x2b4 ./system/src/diag/trace_impl.o
 .debug_macro   0x0000d07b       0x64 ./system/src/diag/trace_impl.o
 .debug_macro   0x0000d0df       0x82 ./system/src/diag/trace_impl.o
 .debug_macro   0x0000d161      0x3e2 ./system/src/diag/trace_impl.o
 .debug_macro   0x0000d543       0x58 ./system/src/diag/trace_impl.o
 .debug_macro   0x0000d59b      0x344 ./system/src/diag/trace_impl.o
 .debug_macro   0x0000d8df      0x2c4 ./system/src/diag/trace_impl.o
 .debug_macro   0x0000dba3      0x711 ./system/src/diag/trace_impl.o
 .debug_macro   0x0000e2b4      0x222 ./system/src/diag/trace_impl.o
 .debug_macro   0x0000e4d6       0x34 ./system/src/diag/trace_impl.o
 .debug_macro   0x0000e50a       0x8b ./system/src/diag/trace_impl.o
 .debug_macro   0x0000e595       0x35 ./system/src/diag/trace_impl.o
 .debug_macro   0x0000e5ca       0x10 ./system/src/diag/trace_impl.o
 .debug_macro   0x0000e5da       0xdd ./system/src/diag/trace_impl.o
 .debug_macro   0x0000e6b7       0x20 ./system/src/diag/trace_impl.o
 .debug_macro   0x0000e6d7       0xc5 ./system/src/diag/trace_impl.o
 .debug_macro   0x0000e79c       0x22 ./system/src/diag/trace_impl.o
 .debug_macro   0x0000e7be      0x16b ./system/src/cortexm/_initialize_hardware.o
 .debug_macro   0x0000e929      0x31e ./system/src/cortexm/exception_handlers.o
 .debug_macro   0x0000ec47       0x3b ./system/src/cortexm/exception_handlers.o
 .debug_macro   0x0000ec82       0x10 ./system/src/cortexm/exception_handlers.o
 .debug_macro   0x0000ec92      0x16e ./system/src/cmsis/system_stm32f10x.o
 .debug_macro   0x0000ee00       0x34 ./system/src/cmsis/vectors_stm32f10x.o
 .debug_macro   0x0000ee34      0x140 ./src/MEXTI.o
 .debug_macro   0x0000ef74      0x148 ./src/MEXTI.o
 .debug_macro   0x0000f0bc      0x15b ./src/main.o

.debug_line_str
                0x00000000       0xf7
 .debug_line_str
                0x00000000       0xf7 d:/arm/arm-gnu-toolchain-12.2.mpacbti-rel1-mingw-w64-i686-arm-none-eabi/bin/../lib/gcc/arm-none-eabi/12.2.1/thumb/v7-m/nofp\libg_nano.a(libc_a-strlen.o)
