
Memory Configuration

Name             Origin             Length             Attributes
flash            0x00000000         0x20000000         xr
sram             0x20000000         0x20000000         xrw
*default*        0x00000000         0xffffffff

Linker script and memory map


.text           0x00000000      0x1dc
 *(.vectors*)
 .vectors       0x00000000       0x10 startup.o
                0x00000000                g_p_fn_Vectors
 *(.text*)
 .text          0x00000010      0x138 main.o
                0x00000010                GPIO_Init
                0x00000116                main
 .text          0x00000148       0x90 startup.o
                0x00000148                H_FAULT_handler
                0x00000148                MM_Fault
                0x00000148                Default_Handler
                0x00000148                NMI_handler
                0x00000154                Reset_Handler
 *(.rodata*)
 .rodata        0x000001d8        0x4 main.o
                0x000001d8                GPIOA_Ptr
                0x000001dc                        _E_text = .

.glue_7         0x000001dc        0x0
 .glue_7        0x000001dc        0x0 linker stubs

.glue_7t        0x000001dc        0x0
 .glue_7t       0x000001dc        0x0 linker stubs

.vfp11_veneer   0x000001dc        0x0
 .vfp11_veneer  0x000001dc        0x0 linker stubs

.v4_bx          0x000001dc        0x0
 .v4_bx         0x000001dc        0x0 linker stubs

.iplt           0x000001dc        0x0
 .iplt          0x000001dc        0x0 main.o

.rel.dyn        0x000001dc        0x0
 .rel.iplt      0x000001dc        0x0 main.o

.data           0x20000000        0x0 load address 0x000001dc
                0x20000000                        _S_Data = .
 *(.data*)
 .data          0x20000000        0x0 main.o
 .data          0x20000000        0x0 startup.o
                0x20000000                        . = ALIGN (0x4)
                0x20000000                        _E_Data = .

.igot.plt       0x20000000        0x0 load address 0x000001dc
 .igot.plt      0x20000000        0x0 main.o

.bss            0x20000000      0x400 load address 0x000001dc
                0x20000000                        _S_bss = .
 *(.bss*)
 .bss           0x20000000        0x0 main.o
 .bss           0x20000000      0x400 startup.o
                0x20000400                        _E_bss = .
LOAD main.o
LOAD startup.o
OUTPUT(unit3_Lab4_cortexM4.elf elf32-littlearm)
LOAD linker stubs

.debug_info     0x00000000      0x417
 .debug_info    0x00000000      0x254 main.o
 .debug_info    0x00000254      0x1c3 startup.o

.debug_abbrev   0x00000000      0x1e7
 .debug_abbrev  0x00000000       0xee main.o
 .debug_abbrev  0x000000ee       0xf9 startup.o

.debug_loc      0x00000000      0x128
 .debug_loc     0x00000000       0xac main.o
 .debug_loc     0x000000ac       0x7c startup.o

.debug_aranges  0x00000000       0x40
 .debug_aranges
                0x00000000       0x20 main.o
 .debug_aranges
                0x00000020       0x20 startup.o

.debug_line     0x00000000      0x2ed
 .debug_line    0x00000000      0x233 main.o
 .debug_line    0x00000233       0xba startup.o

.debug_str      0x00000000      0x251
 .debug_str     0x00000000      0x1cb main.o
                                0x20d (size before relaxing)
 .debug_str     0x000001cb       0x86 startup.o
                                0x1a8 (size before relaxing)

.comment        0x00000000       0x55
 .comment       0x00000000       0x55 main.o
                                 0x56 (size before relaxing)
 .comment       0x00000055       0x56 startup.o

.ARM.attributes
                0x00000000       0x2e
 .ARM.attributes
                0x00000000       0x2e main.o
 .ARM.attributes
                0x0000002e       0x2e startup.o

.debug_frame    0x00000000       0xac
 .debug_frame   0x00000000       0x5c main.o
 .debug_frame   0x0000005c       0x50 startup.o
